25/300
50/300
75/300
100/300
125/300
150/300
175/300
200/300
225/300
250/300
275/300
300/300
{
 "settings": {
  "K": 200,
  "n_replans": 300,
  "theta": 0.587,
  "noise_var": 10.0,
  "l2_bounds_lo": [
   -1.968953013420105,
   -2.049583673477173,
   -2.380451202392578,
   -0.5493804812431335,
   -0.9520125389099121,
   -0.5527085661888123,
   -2.394272565841675,
   -1.0708491802215576
  ],
  "l2_bounds_hi": [
   1.9648994207382202,
   1.8720487356185913,
   2.395101547241211,
   0.8829666972160339,
   0.8485110998153687,
   0.9463299512863159,
   2.3946774005889893,
   0.8021016120910645
  ]
 },
 "all": {
  "n": 300,
  "n_both_decoded_in_maze": 285,
  "backward_rate_a": 0.17894736842105263,
  "backward_rate_b": 0.18596491228070175,
  "mcnemar_backward_a_only_vs_b_only": [
   2,
   4
  ],
  "mcnemar_p": 0.6875,
  "delta_mean_a": 0.24912280701754386,
  "delta_mean_b": 0.2596491228070175,
  "wilcoxon_p_delta": 0.6023486249713121,
  "same_choice_rate": 0.6133333333333333,
  "any_hit_rate": 0.86,
  "random_candidate_backward_rate": 0.1996924167793104,
  "random_candidate_delta_mean": 0.20842102840874518,
  "v0_logged_backward_rate": 0.18620689655172415,
  "v0_logged_delta_mean": 0.2620689655172414
 },
 "replans_with_any_hit": {
  "n": 258,
  "n_both_decoded_in_maze": 247,
  "backward_rate_a": 0.1700404858299595,
  "backward_rate_b": 0.17813765182186234,
  "mcnemar_backward_a_only_vs_b_only": [
   2,
   4
  ],
  "mcnemar_p": 0.6875,
  "delta_mean_a": 0.27125506072874495,
  "delta_mean_b": 0.2834008097165992,
  "wilcoxon_p_delta": 0.6023486249713121,
  "same_choice_rate": 0.5503875968992248,
  "any_hit_rate": 1.0,
  "random_candidate_backward_rate": 0.18128275519474704,
  "random_candidate_delta_mean": 0.24924444157536962,
  "v0_logged_backward_rate": 0.17131474103585656,
  "v0_logged_delta_mean": 0.29880478087649404
 },
 "replans_without_hit": {
  "n": 42,
  "n_both_decoded_in_maze": 38,
  "backward_rate_a": 0.23684210526315788,
  "backward_rate_b": 0.23684210526315788,
  "mcnemar_backward_a_only_vs_b_only": [
   0,
   0
  ],
  "mcnemar_p": 1.0,
  "delta_mean_a": 0.10526315789473684,
  "delta_mean_b": 0.10526315789473684,
  "wilcoxon_p_delta": 1.0,
  "same_choice_rate": 1.0,
  "any_hit_rate": 0.0,
  "random_candidate_backward_rate": 0.31278033794162824,
  "random_candidate_delta_mean": -0.04235136675766216,
  "v0_logged_backward_rate": 0.28205128205128205,
  "v0_logged_delta_mean": 0.02564102564102564
 },
 "success_trials": {
  "n": 181,
  "n_both_decoded_in_maze": 175,
  "backward_rate_a": 0.13142857142857142,
  "backward_rate_b": 0.13714285714285715,
  "mcnemar_backward_a_only_vs_b_only": [
   2,
   3
  ],
  "mcnemar_p": 1.0,
  "delta_mean_a": 0.3657142857142857,
  "delta_mean_b": 0.37714285714285717,
  "wilcoxon_p_delta": 0.6830913983096087,
  "same_choice_rate": 0.46408839779005523,
  "any_hit_rate": 0.9447513812154696,
  "random_candidate_backward_rate": 0.15211918904456803,
  "random_candidate_delta_mean": 0.3332563043234699,
  "v0_logged_backward_rate": 0.12921348314606743,
  "v0_logged_delta_mean": 0.398876404494382
 },
 "failure_trials": {
  "n": 119,
  "n_both_decoded_in_maze": 110,
  "backward_rate_a": 0.2545454545454545,
  "backward_rate_b": 0.2636363636363636,
  "mcnemar_backward_a_only_vs_b_only": [
   0,
   1
  ],
  "mcnemar_p": 1.0,
  "delta_mean_a": 0.06363636363636363,
  "delta_mean_b": 0.07272727272727272,
  "wilcoxon_p_delta": 0.7054569861112734,
  "same_choice_rate": 0.8403361344537815,
  "any_hit_rate": 0.7310924369747899,
  "random_candidate_backward_rate": 0.2720516959388765,
  "random_candidate_delta_mean": 0.018545524706516877,
  "v0_logged_backward_rate": 0.2767857142857143,
  "v0_logged_delta_mean": 0.044642857142857144
 }
}
