map 0 B1_trained: R2 excl 0.999 (s 1e-05) incl 0.999
map 0 B2_random_seed0: R2 excl 0.953 (s 0.01) incl 0.954
map 0 B2_random_seed1: R2 excl 0.956 (s 0.001) incl 0.956
map 0 B2_random_seed2: R2 excl 0.952 (s 0.001) incl 0.953
map 0 B4_pixels: R2 excl 0.929 (s 0.001) incl 0.928
map 1 B1_trained: R2 excl 0.983 (s 1e-05) incl 0.982
map 1 B2_random_seed0: R2 excl 0.923 (s 0.001) incl 0.924
map 1 B2_random_seed1: R2 excl 0.925 (s 0.0001) incl 0.925
map 1 B2_random_seed2: R2 excl 0.909 (s 0.001) incl 0.910
map 1 B4_pixels: R2 excl 0.887 (s 0.0001) incl 0.887
map 2 B1_trained: R2 excl 0.990 (s 0.0001) incl 0.989
map 2 B2_random_seed0: R2 excl 0.916 (s 0.01) incl 0.915
map 2 B2_random_seed1: R2 excl 0.916 (s 0.01) incl 0.916
map 2 B2_random_seed2: R2 excl 0.904 (s 0.01) incl 0.904
map 2 B4_pixels: R2 excl 0.874 (s 0.001) incl 0.874
map 3 B1_trained: R2 excl 0.998 (s 0.0001) incl 0.998
map 3 B2_random_seed0: R2 excl 0.948 (s 0.01) incl 0.952
map 3 B2_random_seed1: R2 excl 0.966 (s 0.0001) incl 0.965
map 3 B2_random_seed2: R2 excl 0.948 (s 0.001) incl 0.951
map 3 B4_pixels: R2 excl 0.932 (s 0.0001) incl 0.932
map 4 B1_trained: R2 excl 0.990 (s 0.0001) incl 0.990
map 4 B2_random_seed0: R2 excl 0.902 (s 0.0001) incl 0.905
map 4 B2_random_seed1: R2 excl 0.904 (s 0.001) incl 0.905
map 4 B2_random_seed2: R2 excl 0.895 (s 1e-06) incl 0.898
map 4 B4_pixels: R2 excl 0.865 (s 0.001) incl 0.868
map 5 B1_trained: R2 excl 0.996 (s 1e-06) incl 0.996
map 5 B2_random_seed0: R2 excl 0.949 (s 0.01) incl 0.951
map 5 B2_random_seed1: R2 excl 0.954 (s 0.001) incl 0.956
map 5 B2_random_seed2: R2 excl 0.936 (s 0.001) incl 0.938
map 5 B4_pixels: R2 excl 0.914 (s 0.001) incl 0.917
map 6 B1_trained: R2 excl 0.996 (s 1e-06) incl 0.996
map 6 B2_random_seed0: R2 excl 0.941 (s 0.001) incl 0.944
map 6 B2_random_seed1: R2 excl 0.949 (s 0.001) incl 0.951
map 6 B2_random_seed2: R2 excl 0.939 (s 0.001) incl 0.942
map 6 B4_pixels: R2 excl 0.903 (s 0.001) incl 0.909
map 7 B1_trained: R2 excl 0.997 (s 0.0001) incl 0.997
map 7 B2_random_seed0: R2 excl 0.920 (s 0.01) incl 0.923
map 7 B2_random_seed1: R2 excl 0.919 (s 0.001) incl 0.919
map 7 B2_random_seed2: R2 excl 0.918 (s 1e-06) incl 0.921
map 7 B4_pixels: R2 excl 0.880 (s 0.0001) incl 0.881
map 8 B1_trained: R2 excl 0.998 (s 1e-06) incl 0.998
map 8 B2_random_seed0: R2 excl 0.940 (s 0.001) incl 0.942
map 8 B2_random_seed1: R2 excl 0.939 (s 1e-06) incl 0.941
map 8 B2_random_seed2: R2 excl 0.920 (s 1e-06) incl 0.922
map 8 B4_pixels: R2 excl 0.887 (s 1e-05) incl 0.891
map 9 B1_trained: R2 excl 0.998 (s 1e-06) incl 0.998
map 9 B2_random_seed0: R2 excl 0.956 (s 0.001) incl 0.958
map 9 B2_random_seed1: R2 excl 0.956 (s 0.001) incl 0.958
map 9 B2_random_seed2: R2 excl 0.944 (s 0.001) incl 0.946
map 9 B4_pixels: R2 excl 0.924 (s 0.0001) incl 0.926
map 10 B1_trained: R2 excl 0.997 (s 1e-06) incl 0.997
map 10 B2_random_seed0: R2 excl 0.940 (s 0.001) incl 0.942
map 10 B2_random_seed1: R2 excl 0.941 (s 1e-06) incl 0.944
map 10 B2_random_seed2: R2 excl 0.921 (s 0.0001) incl 0.924
map 10 B4_pixels: R2 excl 0.911 (s 1e-06) incl 0.918
map 11 B1_trained: R2 excl 0.953 (s 0.01) incl 0.951
map 11 B2_random_seed0: R2 excl 0.887 (s 0.01) incl 0.885
map 11 B2_random_seed1: R2 excl 0.892 (s 0.01) incl 0.890
map 11 B2_random_seed2: R2 excl 0.876 (s 0.01) incl 0.875
map 11 B4_pixels: R2 excl 0.853 (s 0.01) incl 0.852
map 12 B1_trained: R2 excl 0.999 (s 0.001) incl 0.999
map 12 B2_random_seed0: R2 excl 0.954 (s 0.001) incl 0.959
map 12 B2_random_seed1: R2 excl 0.956 (s 0.001) incl 0.961
map 12 B2_random_seed2: R2 excl 0.944 (s 0.001) incl 0.951
map 12 B4_pixels: R2 excl 0.914 (s 0.001) incl 0.922
map 13 B1_trained: R2 excl 0.975 (s 0.01) incl 0.974
map 13 B2_random_seed0: R2 excl 0.890 (s 0.01) incl 0.893
map 13 B2_random_seed1: R2 excl 0.901 (s 0.0001) incl 0.902
map 13 B2_random_seed2: R2 excl 0.866 (s 0.001) incl 0.870
map 13 B4_pixels: R2 excl 0.837 (s 0.001) incl 0.842
map 14 B1_trained: R2 excl 0.971 (s 0.001) incl 0.971
map 14 B2_random_seed0: R2 excl 0.895 (s 0.01) incl 0.898
map 14 B2_random_seed1: R2 excl 0.902 (s 0.001) incl 0.906
map 14 B2_random_seed2: R2 excl 0.871 (s 0.001) incl 0.875
map 14 B4_pixels: R2 excl 0.841 (s 0.001) incl 0.844
map 15 B1_trained: R2 excl 0.999 (s 0.001) incl 0.999
map 15 B2_random_seed0: R2 excl 0.958 (s 0.01) incl 0.960
map 15 B2_random_seed1: R2 excl 0.965 (s 0.001) incl 0.969
map 15 B2_random_seed2: R2 excl 0.954 (s 0.001) incl 0.955
map 15 B4_pixels: R2 excl 0.930 (s 0.0001) incl 0.934
map 16 B1_trained: R2 excl 0.992 (s 1e-06) incl 0.992
map 16 B2_random_seed0: R2 excl 0.947 (s 0.001) incl 0.950
map 16 B2_random_seed1: R2 excl 0.947 (s 0.01) incl 0.950
map 16 B2_random_seed2: R2 excl 0.938 (s 1e-06) incl 0.941
map 16 B4_pixels: R2 excl 0.924 (s 1e-05) incl 0.927
map 17 B1_trained: R2 excl 0.999 (s 0.0001) incl 0.999
map 17 B2_random_seed0: R2 excl 0.964 (s 0.01) incl 0.965
map 17 B2_random_seed1: R2 excl 0.967 (s 1e-06) incl 0.967
map 17 B2_random_seed2: R2 excl 0.959 (s 0.01) incl 0.960
map 17 B4_pixels: R2 excl 0.945 (s 0.001) incl 0.947
map 18 B1_trained: R2 excl 0.994 (s 0.001) incl 0.994
map 18 B2_random_seed0: R2 excl 0.925 (s 0.01) incl 0.929
map 18 B2_random_seed1: R2 excl 0.935 (s 0.001) incl 0.939
map 18 B2_random_seed2: R2 excl 0.915 (s 0.001) incl 0.919
map 18 B4_pixels: R2 excl 0.888 (s 0.001) incl 0.893
map 19 B1_trained: R2 excl 0.999 (s 1e-06) incl 0.999
map 19 B2_random_seed0: R2 excl 0.974 (s 0.001) incl 0.976
map 19 B2_random_seed1: R2 excl 0.980 (s 0.001) incl 0.980
map 19 B2_random_seed2: R2 excl 0.971 (s 0.001) incl 0.973
map 19 B4_pixels: R2 excl 0.960 (s 0.001) incl 0.961
map 20 B1_trained: R2 excl 0.988 (s 0.001) incl 0.987
map 20 B2_random_seed0: R2 excl 0.923 (s 0.01) incl 0.923
map 20 B2_random_seed1: R2 excl 0.934 (s 0.001) incl 0.935
map 20 B2_random_seed2: R2 excl 0.916 (s 0.01) incl 0.919
map 20 B4_pixels: R2 excl 0.894 (s 0.0001) incl 0.896
map 21 B1_trained: R2 excl 0.987 (s 0.01) incl 0.986
map 21 B2_random_seed0: R2 excl 0.938 (s 0.01) incl 0.939
map 21 B2_random_seed1: R2 excl 0.934 (s 0.01) incl 0.934
map 21 B2_random_seed2: R2 excl 0.925 (s 0.01) incl 0.928
map 21 B4_pixels: R2 excl 0.898 (s 0.001) incl 0.898
map 22 B1_trained: R2 excl 0.981 (s 0.01) incl 0.981
map 22 B2_random_seed0: R2 excl 0.938 (s 0.01) incl 0.939
map 22 B2_random_seed1: R2 excl 0.950 (s 0.001) incl 0.951
map 22 B2_random_seed2: R2 excl 0.931 (s 0.01) incl 0.932
map 22 B4_pixels: R2 excl 0.913 (s 0.001) incl 0.915
map 23 B1_trained: R2 excl 0.984 (s 0.001) incl 0.984
map 23 B2_random_seed0: R2 excl 0.914 (s 0.01) incl 0.916
map 23 B2_random_seed1: R2 excl 0.920 (s 0.01) incl 0.922
map 23 B2_random_seed2: R2 excl 0.904 (s 0.01) incl 0.907
map 23 B4_pixels: R2 excl 0.883 (s 0.001) incl 0.884
map 24 B1_trained: R2 excl 0.999 (s 1e-06) incl 0.999
map 24 B2_random_seed0: R2 excl 0.975 (s 0.001) incl 0.975
map 24 B2_random_seed1: R2 excl 0.974 (s 0.001) incl 0.974
map 24 B2_random_seed2: R2 excl 0.972 (s 0.001) incl 0.971
map 24 B4_pixels: R2 excl 0.961 (s 0.001) incl 0.961
